/ # E:CD

IPL gbcdacba
D-0a
HW Reset
miupll_266MHz
256MB
BIST0_0001-OK
RDQS cali
WDQS cali
SPI 86M

IPL_CUST gbcdacba


U-Boot 2015.01 (Apr 27 2026 - 18:16:53)

Version: I6C#g#######
I2C:   Error, wrong i2c adapter 0 max 0 possible
ready
DRAM:  
WARNING: Caches not enabled
Flash: [FLASH] find u32_sni_address = 0x7000
[FLASH] Device id is 0xc2 0x20 0x18
[FLASH] SNI match flash.
[SPINOR] ReadData = 0x6b
[SPINOR] Dummy = 0x8
[SPINOR] pageProgram = 0x2
[FLASH] BDMA mode
[SPINOR] blocks = 0x0
[SPINOR] SRP0 = 0x0
[FLASH] End flash init.
flash init successful
[PARTS] Load parts tbl from 0x8000
[PARTS] Got PNI @ 0x239ff040
mtd .name = nor0, .size = 0x01000000 (16MiB) .erasesize = 0x00001000 .numeraseregions = 0
SF: add mtd device successfully
SF: Detected nor0 with total size 16 MiB
16 MiB
MMC:   MStar SD/MMC: 0, MStar SD/MMC: 1
ENV: offset = 0x4f000 size = 0x1000
Error, wrong i2c adapter 0 max 0 possible
Error, wrong i2c adapter 0 max 0 possible
In:    serial
Out:   serial
Err:   serial
Net:   MAC Address 00:30:1B:BA:02:DB
Auto-Negotiation...
Link Status Speed:100 Full-duplex:1
sstar_emac
device 0 offset 0x50000, size 0x2c0000
SF: 2883584 bytes @ 0x50000 Read: OK (cost 73 ms)
##  Booting kernel from Legacy Image at 23000000 ...
   Image Name:   MVX4##I6C#g#######KL_LX510##[BR:
   Image Type:   ARM Linux Kernel Image (lzma compressed)
   Data Size:    1665712 Bytes = 1.6 MiB
   Load Address: 20008000
   Entry Point:  20008000
   Verifying Checksum ... OK
   Uncompressing Kernel Image ... 
[XZ] !!!reserved 0x22000000 length=0x 1000000 for xz!!
   XZ: uncompressed size=0x356dc0, ret=7
OK
atags:0x20000000

Starting kernel ...

Booting Linux on physical CPU 0x0
Linux version 5.10.61 (hanskim@hansdev) (arm-linux-gnueabihf-sigmastar-11.1.0-gcc (GCC) 11.1.0, GNU ld (Linaro_Binutils-20210608-sigmastar-glibc-arm-linux-gnueabihf) 2.35.2.20210110) #18 PREEMPT Mon Apr 27 18:21:11 KST 2026
CPU: ARMv7 Processor [411fd040] revision 0 (ARMv7), cr=50c5383d
CPU: div instructions available: patching division code
CPU: PIPT / VIPT nonaliasing data cache, VIPT aliasing instruction cache
early_atags_to_fdt() success
OF: fdt: Machine model: INFINITY6C SSC027A-S01A
LXmem is 0x4000000 PHYS_OFFSET is 0x20000000
Add mem start 0x20000000 size 0x4000000!!!!

LX_MEM  = 0x20000000, 0x4000000
LX_MEM2 = 0x0, 0x0
LX_MEM3 = 0x0, 0x0
MMU_MEM = 0x0, 0x0
EMAC_LEN= 0x0
DRAM_LEN= 0x0
Memory policy: Data cache writeback
Reserved memory: bypass cma0 node, using cmdline CMA params instead
OF: reserved mem: node cma0 compatible matching fail
no any mmap reserved
deal_with_reserve_mma_heap memblock_reserve success mma_config[0].reserved_start=
0x22400000 size:1c00000

cma: Reserved 2 MiB at 0x22200000
Zone ranges:
  Normal   [mem 0x0000000020000000-0x00000000223fffff]
Movable zone start for each node
Early memory node ranges
  node   0: [mem 0x0000000020000000-0x00000000223fffff]
Initmem setup node 0 [mem 0x0000000020000000-0x00000000223fffff]
CPU: All CPU(s) started in SVC mode.
Built 1 zonelists, mobility grouping on.  Total pages: 9144
Kernel command line: root=/dev/mtdblock3 rootfstype=squashfs ro init=/linuxrc LX_MEM=4000000 mma_heap=mma_heap_name0,miu=0,sz=0x1c00000 mma_memblock_remove=1 cma=2M mtdparts=nor0:0x4F000(BOOT),0x1000(ENV),0x2C0000(KERNEL),0x2F0000(rootfs),0x3D0000(miservice),0x5D0000(customer)
Dentry cache hash table entries: 8192 (order: 3, 32768 bytes, linear)
Inode-cache hash table entries: 4096 (order: 2, 16384 bytes, linear)
mem auto-init: stack:off, heap alloc:off, heap free:off
Memory: 30748K/36864K available (1942K kernel code, 331K rwdata, 896K rodata, 108K init, 109K bss, 4068K reserved, 2048K cma-reserved)
SLUB: HWalign=64, Order=0-3, MinObjects=0, CPUs=1, Nodes=1
rcu: Preemptible hierarchical RCU implementation.
	Trampoline variant of Tasks RCU enabled.
rcu: RCU calculated value of scheduler-enlistment delay is 10 jiffies.
NR_IRQS: 16, nr_irqs: 16, preallocated irqs: 16
GICv3: 192 SPIs implemented
GICv3: 0 Extended SPIs implemented
GICv3: Distributor has no Range Selector support
GICv3: 16 PPIs implemented
GICv3: CPU0: found redistributor 0 region 0:0x16040000
ms_init_main_intc: np->name=ms_main_intc, parent=gic
ms_init_pm_intc: np->name=ms_pm_intc, parent=ms_main_intc
ss_init_gpi_intc: np->name=ms_gpi_intc, parent=ms_main_intc
random: get_random_bytes called from start_kernel+0x1a3/0x2dc with crng_init=0
Find CLK_cpupll_clk, hook ms_cpuclk_ops
arch_timer: cp15 timer(s) running at 6.00MHz (virt).
clocksource: arch_sys_counter: mask: 0xffffffffffffff max_cycles: 0x1623fa770, max_idle_ns: 440795202238 ns
sched_clock: 56 bits at 6MHz, resolution 166ns, wraps every 4398046511055ns
Switching to timer-based delay loop, resolution 166ns
printk: console [ttyS0] enabled
Calibrating delay loop (skipped), value calculated using timer frequency.. 12.00 BogoMIPS (lpj=60000)
pid_max: default: 4096 minimum: 301
Mount-cache hash table entries: 1024 (order: 0, 4096 bytes, linear)
Mountpoint-cache hash table entries: 1024 (order: 0, 4096 bytes, linear)
CPU: Testing write buffer coherency: ok
Setting up static identity map for 0x200081c0 - 0x200081f8
rcu: Hierarchical SRCU implementation.
devtmpfs: initialized
VFP support v0.3: implementor 41 architecture 3 part 40 variant 4 rev 3
clocksource: jiffies: mask: 0xffffffff max_cycles: 0xffffffff, max_idle_ns: 19112604462750000 ns
futex hash table entries: 16 (order: -4, 448 bytes, linear)
NET: Registered protocol family 16
DMA: preallocated 256 KiB pool for atomic coherent allocations


Version : MVX4##I6C#g#######KL_LX510##[BR:g]#XVM

GPIO: probe end
clocksource: Switched to clocksource arch_sys_counter
NET: Registered protocol family 2
IP idents hash table entries: 2048 (order: 2, 16384 bytes, linear)
tcp_listen_portaddr_hash hash table entries: 256 (order: 0, 6144 bytes, linear)
TCP established hash table entries: 1024 (order: 0, 4096 bytes, linear)
TCP bind hash table entries: 1024 (order: 2, 20480 bytes, linear)
TCP: Hash tables configured (established 1024 bind 1024)
UDP hash table entries: 128 (order: 0, 6144 bytes, linear)
UDP-Lite hash table entries: 128 (order: 0, 6144 bytes, linear)
NET: Registered protocol family 1
Initialise system trusted keyrings
workingset: timestamp_bits=30 max_order=14 bucket_order=0
squashfs: version 4.0 (2009/01/31) Phillip Lougher
jffs2: version 2.2. ⓒ 2001-2006 Red Hat, Inc.
Key type asymmetric registered
Asymmetric key parser 'x509' registered
io scheduler mq-deadline registered
libphy: Fixed MDIO Bus: probed
i2c /dev entries driver
MSYS: DMEM request: [Sstar URDMA 0 TX]:0x00001000
MSYS: DMEM request alignment: [Sstar URDMA 0 TX]:0x00002000
MSYS: DMEM request: [Sstar URDMA 0 TX]:0x00002000 success, CPU phy:@0x0000000022240000, virt:@(ptrval)
MSYS: DMEM request: [Sstar URDMA 0 RX]:0x00001000
MSYS: DMEM request alignment: [Sstar URDMA 0 RX]:0x00002000
MSYS: DMEM request: [Sstar URDMA 0 RX]:0x00002000 success, CPU phy:@0x0000000022242000, virt:@(ptrval)
1f221000.uart0: ttyS0 at MMIO 0x0 (irq = 36, base_baud = 10750000) is a unknown
MSYS: DMEM request: [Sstar URDMA 1 TX]:0x00001000
MSYS: DMEM request alignment: [Sstar URDMA 1 TX]:0x00002000
MSYS: DMEM request: [Sstar URDMA 1 TX]:0x00002000 success, CPU phy:@0x0000000022244000, virt:@(ptrval)
MSYS: DMEM request: [Sstar URDMA 1 RX]:0x00001000
MSYS: DMEM request alignment: [Sstar URDMA 1 RX]:0x00002000
MSYS: DMEM request: [Sstar URDMA 1 RX]:0x00002000 success, CPU phy:@0x0000000022246000, virt:@(ptrval)
1f221200.uart1: ttyS1 at MMIO 0x0 (irq = 39, base_baud = 10750000) is a unknown
MSYS: DMEM request: [Sstar URDMA 2 TX]:0x00001000
MSYS: DMEM request alignment: [Sstar URDMA 2 TX]:0x00002000
MSYS: DMEM request: [Sstar URDMA 2 TX]:0x00002000 success, CPU phy:@0x0000000022248000, virt:@(ptrval)
MSYS: DMEM request: [Sstar URDMA 2 RX]:0x00001000
MSYS: DMEM request alignment: [Sstar URDMA 2 RX]:0x00002000
MSYS: DMEM request: [Sstar URDMA 2 RX]:0x00002000 success, CPU phy:@0x000000002224A000, virt:@(ptrval)
1f220400.fuart: ttyS2 at MMIO 0x0 (irq = 42, base_baud = 10750000) is a unknown
[ss_gpi_intc_domain_alloc] hw:31 -> v:79
irq: IRQ79: trimming hierarchy from :soc:ms_main_intc
MSYS: DMEM request: [emac0_buff]:0x00000212
MSYS: DMEM request alignment: [emac0_buff]:0x00002000
MSYS: DMEM request: [emac0_buff]:0x00002000 success, CPU phy:@0x000000002224C000, virt:@(ptrval)
libphy: mdio: probed
mdio_bus mdio-bus@emac0: ethernet-phy@0 has invalid PHY address
mdio_bus mdio-bus@emac0: scan phy ethernet-phy at address 0
[emac_phy_connect][3755] connected mac emac0 to PHY at mdio-bus@emac0:00 [uid=11112222, driver=SStar 10/100 Ethernet Phy]
sstar,rtcpwc 1f006800.rtcpwc: registered as rtc0
sstar,rtcpwc 1f006800.rtcpwc: setting system clock to 1970-01-01T00:00:03 UTC (3)
MSYS: DMEM request: [AESDMA_ENG]:0x00001000
MSYS: DMEM request alignment: [AESDMA_ENG]:0x00002000
MSYS: DMEM request: [AESDMA_ENG]:0x00002000 success, CPU phy:@0x000000002224E000, virt:@(ptrval)
MSYS: DMEM request: [AESDMA_ENG1]:0x00001000
MSYS: DMEM request alignment: [AESDMA_ENG1]:0x00002000
MSYS: DMEM request: [AESDMA_ENG1]:0x00002000 success, CPU phy:@0x0000000022250000, virt:@(ptrval)
ms_cpufreq_init 484 SIDD: 0xe1 OSC:0xe2 
ms_cpufreq_init 485 SIDD Thres: 0x113 OSC Thres:0xf0 
[ms_cpufreq_init] Current clk=801358688
read pad-ctrl failed
[NOTICE]pwm-isr(70) success. If not i6e or i6b0, pls confirm it on .dtsi
[MSPI] mspi 0 use dma mode
[MSPI] mspi 1 use dma mode
[FLASH] find u32_sni_address = 0x7000
[FLASH] Device id is 0xc2 0x20 0x18
[FLASH] SNI match flash.
[SPINOR] ReadData = 0x6b
[SPINOR] Dummy = 0x8
[SPINOR] pageProgram = 0x2
[FLASH] BDMA mode
[SPINOR] blocks = 0x0
[SPINOR] SRP0 = 0x0
[FLASH] End flash init.
MSYS: DMEM request: [BDMA]:0x00010000
MSYS: DMEM request: [BDMA]:0x00010000 success, CPU phy:@0x0000000022260000, virt:@(ptrval)
_serflash_alloc_bdma_buffer _BDMA_ALLOC_DMEM.bdma_vir_addr 0xc2260000
serflash_probe: 7mtd .name = nor0, .size = 0x01000000 (16MiB)
 .erasesize = 0x00001000 .numeraseregions = 0

6 cmdlinepart partitions found on MTD device nor0
Creating 6 MTD partitions on "nor0":
0x000000000000-0x00000004f000 : "BOOT"
0x00000004f000-0x000000050000 : "ENV"
0x000000050000-0x000000310000 : "KERNEL"
0x000000310000-0x000000600000 : "rootfs"
0x000000600000-0x0000009d0000 : "miservice"
0x0000009d0000-0x000000fa0000 : "customer"
NET: Registered protocol family 17
Loading compiled-in X.509 certificates
OF: fdt: not creating '/sys/firmVFS: Mounted root (squashfs filesystem) readonly on device 31:3.
devtmpfs: mounted
Kernel memory protection not selected by kernel config.
Run /linuxrc as init process
net.core.rmem_default = 163840
net.core.rmem_max = 163840
net.core.wmem_default = 524288
net.core.wmem_max = 1048576
net.ipv4.tcp_mem = 924  1232  1848
net.ipv4.tcp_rmem = 4096  87380  325120
net.ipv4.tcp_wmem = 4096  131072  393216
Sstar_ehc_init version:20180309
[USB] config miu select [70] [e8] [ef] [ef]
[USB] enable miu lower bound address subtraction
Fail to get pad(131075) form padmux !
mhal module [vcodec] init
[ven-m][sys] DrvVencProbe:228 vcodec prob sucess.
[ven-m][jpeg] jpe driver probed
mhal module [aio] init
module [sys] init Dec 30 2024 15:29:13
start:0x20000000,end:0x24000000,block_id:0,flag:1
start:0x20000000,end:0x24000000,block_id:0,flag:0
start:0x20000000,end:0x22400000,block_id:0,flag:1
mi_sys_mma_allocator_create success, heap_base_addr=20000000 length=3a800 
mhal module [vif] init
g_stSelSpinLock init.
module [vif] init
mhal module [sensor] init
module [sensor] init
mhal module [rgn] init
module [rgn] init
module [ao] init
module [ai] init
mhal module [isp] init
IspSysGetRegBase = 0xFD000000
isp0_cfg base = 0xFD260400
dma_fbd0_cfg base = 0xFD26CB00
 ~~~~~~~~~~~ Mload Inside init module ~~~~~~~~~~~~~~~
module [isp] init
module [ipu] init
mhal module [vpe] init
module [scl] init
module [venc] init Dec 30 2024 15:29:14
mhal module [ldc] init
module [ldc] init
8<--- cut here ---
Unable to handle kernel NULL pointer dereference at virtual address 0000000d
pgd = (ptrval)
[0000000d] *pgd=2173e835, *pte=00000000, *ppte=00000000
Internal error: Oops: 817 [#1] PREEMPT THUMB2
Modules linked in: drv_ms_cus_sc465sl_MIPI(PO+) mi(PO) sd_mod ntfs vfat msdos fat kdrv_sdmmc mmc_block mmc_core nfsv3 nfsv2 nfs lockd sunrpc grace nls_utf8 cifs libdes seqiv md4 usb_storage scsi_mod ehci_hcd phy_sstar_u2phy usbcore usb_common libarc4 nfs_ssc
CPU: 0 PID: 447 Comm: insmod Tainted: P           O      5.10.61 #18
Hardware name: SStar Soc (Flattened Device Tree)
PC is at DrvSensorSPIAttach+0x2/0x28 [mi]
LR is at DrvRegisterSensorDriverEx+0xcf/0x150 [mi]
pc : [<bfa36d46>]    lr : [<bfa36113>]    psr: 600a0033
sp : c148de78  ip : bfba18e4  fp : 0009fa9d
r10: 00000000  r9 : c149a200  r8 : bfcb09f5
r7 : bfba12c8  r6 : bfba21a8  r5 : 00000000  r4 : bfba12c8
r3 : bfa36d21  r2 : bfba2267  r1 : 00000001  r0 : 00000000
Flags: nZCv  IRQs on  FIQs on  Mode SVC_32  ISA Thumb  Segment none
Control: 50c5383d  Table: 2176c059  DAC: 00000051
Process insmod (pid: 447, stack limit = 0x(ptrval))
Stack: (0xc148de78 to 0xc148e000)
de60:                                                       00000000 c149a200
de80: bfcb09f5 bfcb2c48 bfcb3240 c148c000 00000051 bfcb6057 bfcb6001 ffffe000
dea0: 00000000 c035f000 00000000 c00097ab 00000000 00000000 00000000 00000000
dec0: 00000000 00000000 6e72656b 00006c65 00000000 00000000 00000000 00000000
dee0: c0401f00 c148c000 00000cc0 00002e16 00000000 c0078bbf c0401f00 7ca936f5
df00: 00000000 bfcb3040 000cb56c c1768040 000c7230 c004ba99 bfcb3040 c218a020
df20: 0000432c 000cb56c c2d4f32c c004d181 c0008404 c2d4d239 c2d4d340 c2d4b000
df40: 0000432c c2d4eddc c2d4ec80 c2d4dfd8 00004000 00004600 00002fe8 00004a9a
df60: 00000000 00000000 00000000 00002fd8 0000001f 00000020 00000019 00000000
df80: 00000014 00000000 b6dbdc68 bea77e84 bea77b1c 00000080 c0008404 c148c000
dfa0: 00000000 c0008201 b6dbdc68 bea77e84 000c7240 0000432c 000c7230 00000000
dfc0: b6dbdc68 bea77e84 bea77b1c 00000080 00000001 bea77e90 000b107f 0009fa9d
dfe0: b6e52511 bea77b08 00028ff1 b6e5251a 800a0030 000c7240 00000000 00000000
[<bfa36d46>] (DrvSensorSPIAttach [mi]) from [<bfa36113>] (DrvRegisterSensorDriverEx+0xcf/0x150 [mi])
[<bfa36113>] (DrvRegisterSensorDriverEx [mi]) from [<bfcb6057>] (init_module+0x57/0x1000 [drv_ms_cus_sc465sl_MIPI])
[<bfcb6057>] (init_module [drv_ms_cus_sc465sl_MIPI]) from [<c00097ab>] (do_one_initcall+0x43/0x114)
[<c00097ab>] (do_one_initcall) from [<c004ba99>] (do_init_module+0x3d/0x148)
[<c004ba99>] (do_init_module) from [<c004d181>] (sys_init_module+0xc9/0xca)
[<c004d181>] (sys_init_module) from [<c0008201>] (ret_fast_syscall+0x1/0x64)
Exception stack(0xc148dfa8 to 0xc148dff0)
dfa0:                   b6dbdc68 bea77e84 000c7240 0000432c 000c7230 00000000
dfc0: b6dbdc68 bea77e84 bea77b1c 00000080 00000001 bea77e90 000b107f 0009fa9d
dfe0: b6e52511 bea77b08 00028ff1 b6e5251a
Code: 2000 f000 bc1e 4b05 (60cb) 4b05 
---[ end trace 39e3f4cca6f8a19f ]---
Segmentation fault
/ # 